../Core/Src/main.c:1266:6:throttleVotolTask	8	static
../Core/Src/main.c:1089:6:parseSetVotol	40	static
../Core/Src/main.c:871:6:can_rcv	8	static
../Core/Src/main.c:916:6:parsePXN	32	static
../Core/Src/main.c:1310:6:canRcvPXN	8	static
../Core/Src/main.c:1179:6:ackerman_func	72	static
../Core/Src/main.c:289:6:SystemClock_Config	96	static,ignoring_inline_asm
../Core/Src/main.c:182:5:main	240	static,ignoring_inline_asm
../Core/Src/main.c:664:6:HAL_CAN_RxFifo1MsgPendingCallback	8	static
../Core/Src/main.c:697:6:MotorData	64	static
../Core/Src/main.c:771:6:can_transmit	48	static,ignoring_inline_asm
../Core/Src/main.c:740:6:PXNLowVoltageData	8	static
../Core/Src/main.c:1340:6:HAL_TIM_PeriodElapsedCallback	0	static
../Core/Src/main.c:1357:6:Error_Handler	0	static,ignoring_inline_asm
