../Core/Src/stm32f4xx_hal_msp.c:64:6:HAL_MspInit	8	static
../Core/Src/stm32f4xx_hal_msp.c:90:6:HAL_CAN_MspInit	64	static
../Core/Src/stm32f4xx_hal_msp.c:177:6:HAL_CAN_MspDeInit	8	static
../Core/Src/stm32f4xx_hal_msp.c:235:6:HAL_DAC_MspInit	40	static
../Core/Src/stm32f4xx_hal_msp.c:272:6:HAL_DAC_MspDeInit	8	static
../Core/Src/stm32f4xx_hal_msp.c:303:6:HAL_TIM_Base_MspInit	8	static
../Core/Src/stm32f4xx_hal_msp.c:325:6:HAL_TIM_Base_MspDeInit	0	static
../Core/Src/stm32f4xx_hal_msp.c:347:6:HAL_UART_MspInit	48	static
../Core/Src/stm32f4xx_hal_msp.c:386:6:HAL_UART_MspDeInit	8	static
